../Core/Src/stm32l0xx_it.c:73:6:NMI_Handler	8	static
../Core/Src/stm32l0xx_it.c:88:6:HardFault_Handler	8	static
../Core/Src/stm32l0xx_it.c:103:6:SVC_Handler	8	static
../Core/Src/stm32l0xx_it.c:116:6:PendSV_Handler	8	static
../Core/Src/stm32l0xx_it.c:129:6:SysTick_Handler	8	static
../Core/Src/stm32l0xx_it.c:157:6:USART4_5_IRQHandler	8	static
../Core/Src/stm32l0xx_it.c:171:6:TIM6_IRQHandler	8	static
../Core/Src/stm32l0xx_it.c:185:6:SPI1_IRQHandler	8	static
../Core/Src/stm32l0xx_it.c:199:6:USART1_IRQHandler	8	static
../Core/Src/stm32l0xx_it.c:213:6:USART2_IRQHandler	8	static
