../Core/Src/stm32l0xx_hal_msp.c:64:6:HAL_MspInit	8	static
../Core/Src/stm32l0xx_hal_msp.c:86:6:HAL_I2C_MspInit	48	static
../Core/Src/stm32l0xx_hal_msp.c:122:6:HAL_I2C_MspDeInit	16	static
../Core/Src/stm32l0xx_hal_msp.c:153:6:HAL_SPI_MspInit	56	static
../Core/Src/stm32l0xx_hal_msp.c:217:6:HAL_SPI_MspDeInit	16	static
../Core/Src/stm32l0xx_hal_msp.c:267:6:HAL_TIM_Base_MspInit	16	static
../Core/Src/stm32l0xx_hal_msp.c:292:6:HAL_TIM_Base_MspDeInit	16	static
../Core/Src/stm32l0xx_hal_msp.c:317:6:HAL_UART_MspInit	56	static
../Core/Src/stm32l0xx_hal_msp.c:410:6:HAL_UART_MspDeInit	16	static
